// Jest Snapshot v1, https://goo.gl/fbAQLP

exports[`<CompanyTabs /> Component render 1`] = `
<DocumentFragment>
  <div
    class="MuiBox-root css-8atqhb"
  >
    <div
      class="MuiBox-root css-0"
    >
      <div
        class="MuiTabs-root css-1ujnqem-MuiTabs-root"
      >
        <div
          class="MuiTabs-scroller MuiTabs-fixed css-jpln7h-MuiTabs-scroller"
          style="overflow: hidden; margin-bottom: 0px;"
        >
          <div
            class="MuiTabs-flexContainer css-heg063-MuiTabs-flexContainer"
            role="tablist"
          >
            <button
              aria-selected="false"
              class="MuiButtonBase-root MuiTab-root MuiTab-textColorPrimary css-1h9z7r5-MuiButtonBase-root-MuiTab-root"
              role="tab"
              tabindex="-1"
              type="button"
            >
              Overview
              <span
                class="MuiTouchRipple-root css-8je8zh-MuiTouchRipple-root"
              />
            </button>
            <button
              aria-selected="true"
              class="MuiButtonBase-root MuiTab-root MuiTab-textColorPrimary Mui-selected css-1h9z7r5-MuiButtonBase-root-MuiTab-root"
              role="tab"
              tabindex="0"
              type="button"
            >
              Reviews
              <span
                class="MuiTouchRipple-root css-8je8zh-MuiTouchRipple-root"
              />
            </button>
            <button
              aria-selected="false"
              class="MuiButtonBase-root MuiTab-root MuiTab-textColorPrimary css-1h9z7r5-MuiButtonBase-root-MuiTab-root"
              role="tab"
              tabindex="-1"
              type="button"
            >
              Jobs
              <span
                class="MuiTouchRipple-root css-8je8zh-MuiTouchRipple-root"
              />
            </button>
          </div>
          <span
            class="MuiTabs-indicator css-1aquho2-MuiTabs-indicator"
            style="left: 0px; width: 0px;"
          />
        </div>
      </div>
    </div>
    <div
      aria-labelledby="simple-tab-0"
      hidden=""
      id="simple-tabpanel-0"
      role="tabpanel"
    />
    <div
      aria-labelledby="simple-tab-1"
      id="simple-tabpanel-1"
      role="tabpanel"
    >
      <div
        class="MuiBox-root css-19kzrtu"
      >
        Reviews
      </div>
    </div>
    <div
      aria-labelledby="simple-tab-2"
      hidden=""
      id="simple-tabpanel-2"
      role="tabpanel"
    />
  </div>
</DocumentFragment>
`;
