// Jest Snapshot v1, https://goo.gl/fbAQLP

exports[`<GeneralCompanyRate /> Component render 1`] = `
<DocumentFragment>
  <div
    class="MuiPaper-root MuiPaper-elevation MuiPaper-rounded MuiPaper-elevation0 MuiCard-root css-1qi2013-MuiPaper-root-MuiCard-root"
  >
    <div
      class="MuiGrid-root MuiGrid-container MuiGrid-spacing-xs-2 css-mhc70k-MuiGrid-root"
    >
      <div
        class="MuiGrid-root MuiGrid-item MuiGrid-grid-sm-12 MuiGrid-grid-md-3 css-sktcqb-MuiGrid-root"
      >
        <img
          alt="green iguana"
          class="MuiCardMedia-root MuiCardMedia-media MuiCardMedia-img css-1y7obv6-MuiCardMedia-root"
          height="140"
          src="https://images.pexels.com/photos/430205/pexels-photo-430205.jpeg?auto=compress&cs=tinysrgb&dpr=2&h=750&w=1260"
        />
      </div>
      <div
        class="MuiGrid-root MuiGrid-item MuiGrid-grid-sm-12 MuiGrid-grid-md-5 css-15go1ru-MuiGrid-root"
      >
        <h1
          class="MuiTypography-root MuiTypography-h1 css-o2w69a-MuiTypography-root"
        >
          Company
        </h1>
        <div
          class="MuiBox-root css-kblalv"
        >
          <h6
            class="MuiTypography-root MuiTypography-subtitle1 css-10wpov9-MuiTypography-root"
          >
            4.2
          </h6>
          <svg
            aria-hidden="true"
            class="MuiSvgIcon-root MuiSvgIcon-fontSizeMedium css-i4bv87-MuiSvgIcon-root"
            data-testid="StarRateIcon"
            focusable="false"
            viewBox="0 0 24 24"
          >
            <path
              d="M14.43 10 12 2l-2.43 8H2l6.18 4.41L5.83 22 12 17.31 18.18 22l-2.35-7.59L22 10z"
            />
          </svg>
          <svg
            aria-hidden="true"
            class="MuiSvgIcon-root MuiSvgIcon-fontSizeMedium css-i4bv87-MuiSvgIcon-root"
            data-testid="StarRateIcon"
            focusable="false"
            viewBox="0 0 24 24"
          >
            <path
              d="M14.43 10 12 2l-2.43 8H2l6.18 4.41L5.83 22 12 17.31 18.18 22l-2.35-7.59L22 10z"
            />
          </svg>
          <svg
            aria-hidden="true"
            class="MuiSvgIcon-root MuiSvgIcon-fontSizeMedium css-i4bv87-MuiSvgIcon-root"
            data-testid="StarRateIcon"
            focusable="false"
            viewBox="0 0 24 24"
          >
            <path
              d="M14.43 10 12 2l-2.43 8H2l6.18 4.41L5.83 22 12 17.31 18.18 22l-2.35-7.59L22 10z"
            />
          </svg>
          <svg
            aria-hidden="true"
            class="MuiSvgIcon-root MuiSvgIcon-fontSizeMedium css-i4bv87-MuiSvgIcon-root"
            data-testid="StarRateIcon"
            focusable="false"
            viewBox="0 0 24 24"
          >
            <path
              d="M14.43 10 12 2l-2.43 8H2l6.18 4.41L5.83 22 12 17.31 18.18 22l-2.35-7.59L22 10z"
            />
          </svg>
          <svg
            aria-hidden="true"
            class="MuiSvgIcon-root MuiSvgIcon-fontSizeMedium css-i4bv87-MuiSvgIcon-root"
            data-testid="StarHalfIcon"
            focusable="false"
            viewBox="0 0 24 24"
          >
            <path
              d="m22 9.24-7.19-.62L12 2 9.19 8.63 2 9.24l5.46 4.73L5.82 21 12 17.27 18.18 21l-1.63-7.03L22 9.24zM12 15.4V6.1l1.71 4.04 4.38.38-3.32 2.88 1 4.28L12 15.4z"
            />
          </svg>
          <span
            class="MuiTypography-root MuiTypography-overline css-b3fch5-MuiTypography-root"
          >
            123 reviews
          </span>
        </div>
      </div>
      <div
        class="MuiGrid-root MuiGrid-item MuiGrid-grid-sm-12 MuiGrid-grid-md-4 css-1imo3bq-MuiGrid-root"
      >
        <div>
          <div
            class="MuiGrid-root MuiGrid-item MuiGrid-grid-md-12 css-oav0mg-MuiGrid-root"
          >
            <button
              class="MuiButton-root MuiButton-text MuiButton-textPrimary MuiButton-sizeMedium MuiButton-textSizeMedium MuiButtonBase-root  css-1e6y48t-MuiButtonBase-root-MuiButton-root"
              tabindex="0"
              type="button"
            >
              Write a Review
              <span
                class="MuiTouchRipple-root css-8je8zh-MuiTouchRipple-root"
              />
            </button>
          </div>
        </div>
      </div>
    </div>
  </div>
</DocumentFragment>
`;
