// Jest Snapshot v1, https://goo.gl/fbAQLP

exports[`Component <PrivacyPolicyModal/> renders PrivacyPolicyModal 1`] = `
<DocumentFragment>
  <div>
    <div
      class="MuiGrid-root MuiGrid-item MuiGrid-grid-md-12 css-oav0mg-MuiGrid-root"
    >
      <a
        class="MuiTypography-root MuiTypography-caption MuiLink-root MuiLink-underlineNone css-v181wt-MuiTypography-root-MuiLink-root"
      >
        Politica de Privacidad
      </a>
    </div>
  </div>
</DocumentFragment>
`;
