// Jest Snapshot v1, https://goo.gl/fbAQLP

exports[`component <SideInfo/> renders SideInfo 1`] = `
<DocumentFragment>
  <div
    class="MuiBox-root css-0"
  >
    <div
      class="MuiBox-root css-k9w323"
    >
      <button
        class="MuiButton-root MuiButton-text MuiButton-textPrimary MuiButton-sizeMedium MuiButton-textSizeMedium MuiButtonBase-root  css-1e6y48t-MuiButtonBase-root-MuiButton-root"
        tabindex="0"
        type="button"
      >
        <svg
          aria-hidden="true"
          class="MuiSvgIcon-root MuiSvgIcon-fontSizeMedium css-1tzp3k3-MuiSvgIcon-root"
          data-testid="ArrowLeftIcon"
          focusable="false"
          viewBox="0 0 24 24"
        >
          <path
            d="m14 7-5 5 5 5V7z"
          />
        </svg>
        <span
          class="MuiTouchRipple-root css-8je8zh-MuiTouchRipple-root"
        />
      </button>
    </div>
    <div
      class="PrivateSwipeArea-root css-x15wq9"
      style="width: 20px;"
    />
  </div>
</DocumentFragment>
`;
