// Jest Snapshot v1, https://goo.gl/fbAQLP

exports[`Component <DateInput/> renders DateInput 1`] = `
<DocumentFragment>
  <div
    class="MuiFormControl-root MuiTextField-root css-1u3bzj6-MuiFormControl-root-MuiTextField-root"
  >
    <label
      class="MuiInputLabel-root MuiInputLabel-formControl MuiInputLabel-animated MuiInputLabel-shrink MuiInputLabel-outlined MuiFormLabel-root MuiFormLabel-colorPrimary MuiFormLabel-filled css-1kty9di-MuiFormLabel-root-MuiInputLabel-root"
      data-shrink="true"
      for="mui-1"
      id="mui-1-label"
    >
      Test DateInput
    </label>
    <div
      class="MuiOutlinedInput-root MuiInputBase-root MuiInputBase-colorPrimary MuiInputBase-formControl css-9ddj71-MuiInputBase-root-MuiOutlinedInput-root"
    >
      <input
        aria-invalid="false"
        aria-label="Choose date, selected date is Dec 28, 2021"
        aria-readonly="true"
        class="MuiOutlinedInput-input MuiInputBase-input css-1t8l2tu-MuiInputBase-input-MuiOutlinedInput-input"
        id="mui-1"
        readonly=""
        type="text"
        value="12/28/2021"
      />
      <fieldset
        aria-hidden="true"
        class="MuiOutlinedInput-notchedOutline css-1d3z3hw-MuiOutlinedInput-notchedOutline"
      >
        <legend
          class="css-1z7n62"
        >
          <span>
            Test DateInput
          </span>
        </legend>
      </fieldset>
    </div>
  </div>
</DocumentFragment>
`;
